info: Microsoft.EntityFrameworkCore.Database.Command[20101]
      Executed DbCommand (33ms) [Parameters=[], CommandType='Text', CommandTimeout='30']
      SELECT EXISTS (
    SELECT 1 FROM pg_catalog.pg_class c
    JOIN pg_catalog.pg_namespace n ON n.oid=c.relnamespace
    WHERE n.nspname='public' AND
          c.relname='__EFMigrationsHistory'
)
info: Microsoft.EntityFrameworkCore.Database.Command[20101]
      Executed DbCommand (2ms) [Parameters=[], CommandType='Text', CommandTimeout='30']
      SELECT "MigrationId", "ProductVersion"
      FROM "__EFMigrationsHistory"
      ORDER BY "MigrationId";
info: Microsoft.EntityFrameworkCore.Database.Command[20101]
      Executed DbCommand (1ms) [Parameters=[], CommandType='Text', CommandTimeout='30']
      SELECT EXISTS (
    SELECT 1 FROM pg_catalog.pg_class c
    JOIN pg_catalog.pg_namespace n ON n.oid=c.relnamespace
    WHERE n.nspname='public' AND
          c.relname='__EFMigrationsHistory'
)
info: Microsoft.EntityFrameworkCore.Database.Command[20101]
      Executed DbCommand (0ms) [Parameters=[], CommandType='Text', CommandTimeout='30']
      SELECT "MigrationId", "ProductVersion"
      FROM "__EFMigrationsHistory"
      ORDER BY "MigrationId";
info: Microsoft.EntityFrameworkCore.Database.Command[20101]
      Executed DbCommand (1ms) [Parameters=[], CommandType='Text', CommandTimeout='30']
      SELECT EXISTS (
    SELECT 1 FROM pg_catalog.pg_class c
    JOIN pg_catalog.pg_namespace n ON n.oid=c.relnamespace
    WHERE n.nspname='public' AND
          c.relname='__EFMigrationsHistory'
)
info: Microsoft.EntityFrameworkCore.Database.Command[20101]
      Executed DbCommand (1ms) [Parameters=[], CommandType='Text', CommandTimeout='30']
      SELECT EXISTS (
    SELECT 1 FROM pg_catalog.pg_class c
    JOIN pg_catalog.pg_namespace n ON n.oid=c.relnamespace
    WHERE n.nspname='public' AND
          c.relname='__EFMigrationsHistory'
)
info: Microsoft.EntityFrameworkCore.Database.Command[20101]
      Executed DbCommand (0ms) [Parameters=[], CommandType='Text', CommandTimeout='30']
      SELECT "MigrationId", "ProductVersion"
      FROM "__EFMigrationsHistory"
      ORDER BY "MigrationId";
info: Microsoft.EntityFrameworkCore.Migrations[20405]
      No migrations were applied. The database is already up to date.
info: Microsoft.Hosting.Lifetime[14]
      Now listening on: http://localhost:5001
info: Microsoft.Hosting.Lifetime[0]
      Application started. Press Ctrl+C to shut down.
info: Microsoft.Hosting.Lifetime[0]
      Hosting environment: Production
info: Microsoft.Hosting.Lifetime[0]
      Content root path: H:\pbl5\src\ELearnGamePlatform.API
info: ELearnGamePlatform.Services.OCR.TesseractOcrService[0]
      Using bundled pdftoppm executable at H:\pbl5\poppler-25.12.0\Library\bin\pdftoppm.exe
warn: Microsoft.EntityFrameworkCore.Query[20504]
      Compiling a query which loads related collections for more than one collection navigation, either via 'Include' or through projection, but no 'QuerySplittingBehavior' has been configured. By default, Entity Framework will use 'QuerySplittingBehavior.SingleQuery', which can potentially result in slow query performance. See https://go.microsoft.com/fwlink/?linkid=2134277 for more information. To identify the query that's triggering this warning call 'ConfigureWarnings(w => w.Throw(RelationalEventId.MultipleCollectionIncludeWarning))'.
info: Microsoft.EntityFrameworkCore.Database.Command[20101]
      Executed DbCommand (17ms) [Parameters=[@__userId_0='?'], CommandType='Text', CommandTimeout='30']
      SELECT f."Id", f.created_at, f.description, f.name, f.updated_at, f.uploaded_by, d."Id", d.coverage_map, d.created_at, d.extracted_text, d.file_name, d.file_path, d.file_size, d.file_type, d.folder_project_id, d.folder_source_order, d.include_in_folder_slides, d.key_points, d.language, d.main_topics, d.status, d.summary, d.updated_at, d.uploaded_by, t."Id", t.completed_at, t.created_at, t.document_id, t.folder_project_id, t.outline, t.status, t.subtitle, t.theme_key, t.title, t.updated_at, t."Id0", t.accent_tone, t.body, t.created_at0, t.editor_state, t.goal, t.heading, t.image_candidates, t.image_plan, t.selected_image_key, t.slide_deck_id, t.slide_index, t.slide_type, t.speaker_notes, t.status0, t.subheading, t.updated_at0, t.verifier_issues, t.verifier_score
      FROM folder_projects AS f
      LEFT JOIN documents AS d ON f."Id" = d.folder_project_id
      LEFT JOIN (
          SELECT s."Id", s.completed_at, s.created_at, s.document_id, s.folder_project_id, s.outline, s.status, s.subtitle, s.theme_key, s.title, s.updated_at, s0."Id" AS "Id0", s0.accent_tone, s0.body, s0.created_at AS created_at0, s0.editor_state, s0.goal, s0.heading, s0.image_candidates, s0.image_plan, s0.selected_image_key, s0.slide_deck_id, s0.slide_index, s0.slide_type, s0.speaker_notes, s0.status AS status0, s0.subheading, s0.updated_at AS updated_at0, s0.verifier_issues, s0.verifier_score
          FROM slide_decks AS s
          LEFT JOIN slide_items AS s0 ON s."Id" = s0.slide_deck_id
      ) AS t ON f."Id" = t.folder_project_id
      WHERE f.uploaded_by = @__userId_0
      ORDER BY f.updated_at DESC, f."Id", d."Id", t."Id"
